# 2026 stratum intake decisions (batch 1, 2026-08-19). Newest-first walk.
2608.16697 | INCLUDED
2608.16590 | INCLUDED
2608.16503 | INCLUDED
2608.15748 | EXCLUDED(no task-success comparison of >=2 policies; failure-detection metrics only)
2608.15636 | INCLUDED
2608.15285 | INCLUDED
2608.15269 | INCLUDED
2608.14986 | INCLUDED
2608.13901 | INCLUDED
# next unassessed candidate: 2608.13026
# batch 2 (2026-08-19)
2608.13026 | INCLUDED
2608.11739 | INCLUDED
2608.11671 | INCLUDED
2608.11605 | INCLUDED
2608.11521 | INCLUDED
2608.11363 | INCLUDED
2608.10824 | INCLUDED
2608.10484 | INCLUDED
# 2026 stratum: 16/16 quota REACHED
