# 2025 stratum intake decisions (batch 1, 2026-08-19). Newest-first walk.
2512.22615 | INCLUDED
2512.20166 | INCLUDED
2512.18477 | INCLUDED
2512.18007 | INCLUDED
2512.16811 | INCLUDED
2512.11769 | INCLUDED
2512.11584 | INCLUDED
2512.09928 | INCLUDED
2512.09927 | INCLUDED
# batch 2 (2026-08-19)
2512.09619 | INCLUDED
2512.09101 | INCLUDED
2512.07582 | INCLUDED
2512.07472 | EXCLUDED(sim results only on LIBERO-Pro, out of scope; rest real-robot)
2512.05693 | INCLUDED
2512.05107 | INCLUDED
2512.06013 | INCLUDED
2512.03538 | INCLUDED
2512.02834 | INCLUDED
# 2025 stratum: 17/17 quota REACHED
